
> avixr-landing@0.1.0 build
> next build

  Γû▓ Next.js 14.2.35
  - Environments: .env.local

   Creating an optimized production build ...
Failed to compile.

./components/Navigation.tsx
Error: 
  x You're importing a component that needs useState. It only works in a Client Component but none of its parents are marked with "use client", so they're Server Components by default.
  | Learn more: https://nextjs.org/docs/getting-started/react-essentials
  | 
  | 
   ,-[C:\avixr-main\components\Navigation.tsx:1:1]
 1 | import { useState } from 'react'
   :          ^^^^^^^^
 2 | import { Menu, X } from 'lucide-react'
 3 | import { motion, AnimatePresence } from 'framer-motion'
   `----

Import trace for requested module:
./components/Navigation.tsx
./app/page.tsx


> Build failed because of webpack errors
